No projects matched the filters "c:\code\ettsted2" in "C:\code\ettsted2"

> @finans/frontend@1.0.0 build C:\code\ettsted2\frontend
> tsc && vite build

[36mvite v5.4.21 [32mbuilding for production...[36m[39m
transforming...
[32m✓[39m 883 modules transformed.
rendering chunks...
computing gzip size...
[2mdist/[22m[32mindex.html                                       [39m[1m[2m  0.99 kB[22m[1m[22m[2m │ gzip:   0.51 kB[22m
[2mdist/[22m[32massets/boom-sUC5VGkH.svg                         [39m[1m[2m  4.58 kB[22m[1m[22m[2m │ gzip:   2.08 kB[22m
[2mdist/[22m[32massets/loading-indicator-C1J4lIWw.svg            [39m[1m[2m 15.57 kB[22m[1m[22m[2m │ gzip:   3.40 kB[22m
[2mdist/[22m[32massets/material-symbols-sharp-DQLBrjHA.woff2     [39m[1m[2m344.68 kB[22m[1m[22m
[2mdist/[22m[32massets/material-symbols-outlined-BZinq3R6.woff2  [39m[1m[2m364.28 kB[22m[1m[22m
[2mdist/[22m[32massets/material-symbols-rounded-DVluyMkh.woff2   [39m[1m[2m428.48 kB[22m[1m[22m
[2mdist/[22m[35massets/CalculatorsPage-BKm3heuH.css              [39m[1m[2m  0.18 kB[22m[1m[22m[2m │ gzip:   0.15 kB[22m
[2mdist/[22m[35massets/MonteCarloPage-BEU4cKNk.css               [39m[1m[2m  0.53 kB[22m[1m[22m[2m │ gzip:   0.31 kB[22m
[2mdist/[22m[35massets/LoanCalculatorPage-CPfoP7fr.css           [39m[1m[2m  0.93 kB[22m[1m[22m[2m │ gzip:   0.46 kB[22m
[2mdist/[22m[35massets/SparingPage-D0OyQBvN.css                  [39m[1m[2m  2.21 kB[22m[1m[22m[2m │ gzip:   0.77 kB[22m
[2mdist/[22m[35massets/PensjonPage-C75r7yUh.css                  [39m[1m[2m  2.61 kB[22m[1m[22m[2m │ gzip:   0.79 kB[22m
[2mdist/[22m[35massets/GjeldPage-BWdD5XzX.css                    [39m[1m[2m  2.97 kB[22m[1m[22m[2m │ gzip:   0.87 kB[22m
[2mdist/[22m[35massets/PortfolioPage-28rgg1oB.css                [39m[1m[2m  3.42 kB[22m[1m[22m[2m │ gzip:   0.93 kB[22m
[2mdist/[22m[35massets/SettingsPage-DOE1fkJt.css                 [39m[1m[2m  3.58 kB[22m[1m[22m[2m │ gzip:   0.93 kB[22m
[2mdist/[22m[35massets/CompoundCalculatorPage-DJENcnvC.css       [39m[1m[2m  4.18 kB[22m[1m[22m[2m │ gzip:   1.02 kB[22m
[2mdist/[22m[35massets/DashboardPage-BrdBaUPq.css                [39m[1m[2m  4.26 kB[22m[1m[22m[2m │ gzip:   1.12 kB[22m
[2mdist/[22m[35massets/ImportPage-DbkozbOz.css                   [39m[1m[2m  9.35 kB[22m[1m[22m[2m │ gzip:   2.06 kB[22m
[2mdist/[22m[35massets/OnboardingPage-Cx19d0_w.css               [39m[1m[2m 10.37 kB[22m[1m[22m[2m │ gzip:   2.02 kB[22m
[2mdist/[22m[35massets/HomePage-DIwd95X9.css                     [39m[1m[2m 10.99 kB[22m[1m[22m[2m │ gzip:   2.18 kB[22m
[2mdist/[22m[35massets/index-D1PksaJu.css                        [39m[1m[2m231.78 kB[22m[1m[22m[2m │ gzip:  43.33 kB[22m
[2mdist/[22m[36massets/numberFormat-Dffzo6f8.js                  [39m[1m[2m  0.19 kB[22m[1m[22m[2m │ gzip:   0.17 kB[22m
[2mdist/[22m[36massets/portfolio-61NQUmzi.js                     [39m[1m[2m  0.21 kB[22m[1m[22m[2m │ gzip:   0.17 kB[22m
[2mdist/[22m[36massets/Card-yDC3wkMQ.js                          [39m[1m[2m  0.25 kB[22m[1m[22m[2m │ gzip:   0.21 kB[22m
[2mdist/[22m[36massets/Button-Dk4u3mxy.js                        [39m[1m[2m  0.31 kB[22m[1m[22m[2m │ gzip:   0.24 kB[22m
[2mdist/[22m[36massets/Skeleton-ZLIyG9rn.js                      [39m[1m[2m  0.32 kB[22m[1m[22m[2m │ gzip:   0.24 kB[22m
[2mdist/[22m[36massets/PostLoginPage-DpcEEBFv.js                 [39m[1m[2m  0.32 kB[22m[1m[22m[2m │ gzip:   0.25 kB[22m
[2mdist/[22m[36massets/userApi-BEE0bbv5.js                       [39m[1m[2m  0.34 kB[22m[1m[22m[2m │ gzip:   0.20 kB[22m
[2mdist/[22m[36massets/PageHeader-CLVMBO09.js                    [39m[1m[2m  0.34 kB[22m[1m[22m[2m │ gzip:   0.23 kB[22m
[2mdist/[22m[36massets/PageSkeleton-CYtIyyDr.js                  [39m[1m[2m  0.52 kB[22m[1m[22m[2m │ gzip:   0.33 kB[22m
[2mdist/[22m[36massets/Breadcrumb-cm9i7n7D.js                    [39m[1m[2m  0.56 kB[22m[1m[22m[2m │ gzip:   0.32 kB[22m
[2mdist/[22m[36massets/OnboardingPage-CZyVWtVn.js                [39m[1m[2m  0.66 kB[22m[1m[22m[2m │ gzip:   0.37 kB[22m
[2mdist/[22m[36massets/ProgressBar-Dq3KEzJI.js                   [39m[1m[2m  0.72 kB[22m[1m[22m[2m │ gzip:   0.36 kB[22m
[2mdist/[22m[36massets/HeroNumber-CVJr97uT.js                    [39m[1m[2m  1.19 kB[22m[1m[22m[2m │ gzip:   0.64 kB[22m
[2mdist/[22m[36massets/useGjeldData-BxYywLxh.js                  [39m[1m[2m  1.20 kB[22m[1m[22m[2m │ gzip:   0.71 kB[22m
[2mdist/[22m[36massets/Modal-BrBW5vRx.js                         [39m[1m[2m  1.42 kB[22m[1m[22m[2m │ gzip:   0.64 kB[22m
[2mdist/[22m[36massets/CalculatorsPage-CQdFNPql.js               [39m[1m[2m  1.62 kB[22m[1m[22m[2m │ gzip:   0.84 kB[22m
[2mdist/[22m[36massets/useSparingData-o-DC8kMx.js                [39m[1m[2m  2.19 kB[22m[1m[22m[2m │ gzip:   1.11 kB[22m
[2mdist/[22m[36massets/NumberInput-MG4ByJ3t.js                   [39m[1m[2m  2.29 kB[22m[1m[22m[2m │ gzip:   1.05 kB[22m
[2mdist/[22m[36massets/EconomyPage-D4T3Mp6v.js                   [39m[1m[2m  2.36 kB[22m[1m[22m[2m │ gzip:   1.04 kB[22m
[2mdist/[22m[36massets/AreaChart-BGGYobUr.js                     [39m[1m[2m  2.49 kB[22m[1m[22m[2m │ gzip:   1.20 kB[22m
[2mdist/[22m[36massets/useMutation-zJF3i6tP.js                   [39m[1m[2m  2.96 kB[22m[1m[22m[2m │ gzip:   1.24 kB[22m
[2mdist/[22m[36massets/SparingPage-BoVcgPoj.js                   [39m[1m[2m  3.82 kB[22m[1m[22m[2m │ gzip:   1.37 kB[22m
[2mdist/[22m[36massets/StackedAreaChart-B5d0bjXy.js              [39m[1m[2m  3.88 kB[22m[1m[22m[2m │ gzip:   1.71 kB[22m
[2mdist/[22m[36massets/CompoundCalculatorPage-CbUP2cbc.js        [39m[1m[2m  5.34 kB[22m[1m[22m[2m │ gzip:   1.92 kB[22m
[2mdist/[22m[36massets/DashboardPage-CD6LBMjB.js                 [39m[1m[2m  5.52 kB[22m[1m[22m[2m │ gzip:   1.77 kB[22m
[2mdist/[22m[36massets/PensjonPage-X3klao0E.js                   [39m[1m[2m  5.82 kB[22m[1m[22m[2m │ gzip:   2.12 kB[22m
[2mdist/[22m[36massets/ImportPage-XkA2kD76.js                    [39m[1m[2m  6.13 kB[22m[1m[22m[2m │ gzip:   2.45 kB[22m
[2mdist/[22m[36massets/LoanCalculatorPage-D_5hYc9q.js            [39m[1m[2m  6.19 kB[22m[1m[22m[2m │ gzip:   2.16 kB[22m
[2mdist/[22m[36massets/SettingsPage-CB_US8Lr.js                  [39m[1m[2m  6.71 kB[22m[1m[22m[2m │ gzip:   1.57 kB[22m
[2mdist/[22m[36massets/FireCalculatorPage-CS7j23FS.js            [39m[1m[2m  6.73 kB[22m[1m[22m[2m │ gzip:   2.43 kB[22m
[2mdist/[22m[36massets/GjeldPage-H4Nez9Bn.js                     [39m[1m[2m  7.65 kB[22m[1m[22m[2m │ gzip:   3.18 kB[22m
[2mdist/[22m[36massets/snapshotApi-BhohU3IN.js                   [39m[1m[2m 10.92 kB[22m[1m[22m[2m │ gzip:   3.87 kB[22m
[2mdist/[22m[36massets/MonteCarloPage-D5Syw_8m.js                [39m[1m[2m 12.62 kB[22m[1m[22m[2m │ gzip:   4.57 kB[22m
[2mdist/[22m[36massets/HomePage-DsxcoHrW.js                      [39m[1m[2m 12.75 kB[22m[1m[22m[2m │ gzip:   4.10 kB[22m
[2mdist/[22m[36massets/time-DC9wqibC.js                          [39m[1m[2m 14.73 kB[22m[1m[22m[2m │ gzip:   4.79 kB[22m
[2mdist/[22m[36massets/monotone-BeBsKQq5.js                      [39m[1m[2m 17.29 kB[22m[1m[22m[2m │ gzip:   6.52 kB[22m
[2mdist/[22m[36massets/OnboardingPage-CoIJqjPw.js                [39m[1m[2m 18.61 kB[22m[1m[22m[2m │ gzip:   5.08 kB[22m
[2mdist/[22m[36massets/PortfolioPage-pECLCM-H.js                 [39m[1m[2m 19.81 kB[22m[1m[22m[2m │ gzip:   6.99 kB[22m
[2mdist/[22m[36massets/index-CF8e_RXp.js                         [39m[1m[2m314.86 kB[22m[1m[22m[2m │ gzip: 104.25 kB[22m
[32m✓ built in 2.15s[39m
